#-----------------------------------------------------------
# Vivado v2018.2 (64-bit)
# SW Build 2258646 on Thu Jun 14 20:03:12 MDT 2018
# IP Build 2256618 on Thu Jun 14 22:10:49 MDT 2018
# Start of session at: Sun Mar 24 00:28:09 2019
# Process ID: 3832
# Current directory: C:/Users/melik/eclipse-workspace/zyboz7_workshop/vivado_project/proj
# Command line: vivado.exe -gui_launcher_event rodinguilauncherevent4444 C:\Users\melik\eclipse-workspace\zyboz7_workshop\vivado_project\proj\zyboz7_pcam.xpr
# Log file: C:/Users/melik/eclipse-workspace/zyboz7_workshop/vivado_project/proj/vivado.log
# Journal file: C:/Users/melik/eclipse-workspace/zyboz7_workshop/vivado_project/proj\vivado.jou
#-----------------------------------------------------------
start_gui
open_project C:/Users/melik/eclipse-workspace/zyboz7_workshop/vivado_project/proj/zyboz7_pcam.xpr
update_compile_order -fileset sources_1
open_bd_design {C:/Users/melik/eclipse-workspace/zyboz7_workshop/vivado_project/proj/zyboz7_pcam.srcs/sources_1/bd/system/system.bd}
report_ip_status -name ip_status 
upgrade_ip -vlnv xilinx.com:hls:edge_detect:1.0 [get_ips  system_edge_detect_0_0] -log ip_upgrade.log
export_ip_user_files -of_objects [get_ips system_edge_detect_0_0] -no_script -sync -force -quiet
validate_bd_design
save_bd_design
reset_run synth_1
reset_run system_v_axi4s_vid_out_0_0_synth_1
reset_run system_vtg_0_synth_1
launch_runs impl_1 -to_step write_bitstream -jobs 2
wait_on_run impl_1
report_ip_status -name ip_status 
file copy -force C:/Users/melik/eclipse-workspace/zyboz7_workshop/vivado_project/proj/zyboz7_pcam.runs/impl_1/system_wrapper.sysdef C:/Users/melik/eclipse-workspace/zyboz7_workshop/vivado_project/proj/zyboz7_pcam.sdk/system_wrapper.hdf

launch_sdk -workspace C:/Users/melik/eclipse-workspace/zyboz7_workshop/vivado_project/proj/zyboz7_pcam.sdk -hwspec C:/Users/melik/eclipse-workspace/zyboz7_workshop/vivado_project/proj/zyboz7_pcam.sdk/system_wrapper.hdf
launch_sdk -workspace C:/Users/melik/eclipse-workspace/zyboz7_workshop/vivado_project/proj/zyboz7_pcam.sdk -hwspec C:/Users/melik/eclipse-workspace/zyboz7_workshop/vivado_project/proj/zyboz7_pcam.sdk/system_wrapper.hdf
file copy -force C:/Users/melik/eclipse-workspace/zyboz7_workshop/vivado_project/proj/zyboz7_pcam.runs/impl_1/system_wrapper.sysdef C:/Users/melik/eclipse-workspace/zyboz7_workshop/vivado_project/proj/zyboz7_pcam.sdk/system_wrapper.hdf

launch_sdk -workspace C:/Users/melik/eclipse-workspace/zyboz7_workshop/vivado_project/proj/zyboz7_pcam.sdk -hwspec C:/Users/melik/eclipse-workspace/zyboz7_workshop/vivado_project/proj/zyboz7_pcam.sdk/system_wrapper.hdf
file copy -force C:/Users/melik/eclipse-workspace/zyboz7_workshop/vivado_project/proj/zyboz7_pcam.runs/impl_1/system_wrapper.sysdef C:/Users/melik/eclipse-workspace/zyboz7_workshop/vivado_project/proj/zyboz7_pcam.sdk/system_wrapper.hdf

launch_sdk -workspace C:/Users/melik/eclipse-workspace/zyboz7_workshop/vivado_project/proj/zyboz7_pcam.sdk -hwspec C:/Users/melik/eclipse-workspace/zyboz7_workshop/vivado_project/proj/zyboz7_pcam.sdk/system_wrapper.hdf
